# Ensure build layout
# Check configuration tokens
# Preparing build
# Check requirements for android
# Search for Git (git)
#  -> found at /usr/bin/git
# Search for Cython (cython)
#  -> found at /home/ali/dokeh_env/bin/cython
# Search for Java compiler (javac)
#  -> found at /usr/bin/javac
# Search for Java keytool (keytool)
#  -> found at /usr/bin/keytool
# Install platform
# Run 'git config --get remote.origin.url' ...
# Cwd /home/ali/DOKEH_DAR/.buildozer/android/platform/python-for-android
https://github.com/kivy/python-for-android.git
# Run 'git branch -vv' ...
# Cwd /home/ali/DOKEH_DAR/.buildozer/android/platform/python-for-android
* develop 9d5918bf [origin/develop] Merge pull request #3369 from kivy/fix/greenlet_macos_build
# Run '/home/ali/dokeh_env/bin/python3 -m pip install -q appdirs colorama>=0.3.3 jinja2 sh>=2, <3.0; sys_platform!="win32" meson ninja build toml packaging setuptools wheel~=0.43.0' ...
# Cwd None
# Apache ANT found at /home/ali/.buildozer/android/platform/apache-ant-1.9.4
# Android SDK found at /home/ali/.buildozer/android/platform/android-sdk
# Recommended android's NDK version by p4a is: 28c
# Android NDK is missing, downloading
# Downloading https://dl.google.com/android/repository/android-ndk-r29-linux.zip
Traceback (most recent call last):
  File "/home/ali/dokeh_env/bin/buildozer", line 6, in <module>
    sys.exit(main())
             ~~~~^^
  File "/home/ali/dokeh_env/lib/python3.14/site-packages/buildozer/scripts/client.py", line 16, in main
    Buildozer().run_command(sys.argv[1:])
    ~~~~~~~~~~~~~~~~~~~~~~~^^^^^^^^^^^^^^
  File "/home/ali/dokeh_env/lib/python3.14/site-packages/buildozer/__init__.py", line 684, in run_command
    self.target.run_commands(args)
    ~~~~~~~~~~~~~~~~~~~~~~~~^^^^^^
  File "/home/ali/dokeh_env/lib/python3.14/site-packages/buildozer/target.py", line 96, in run_commands
    func(args)
    ~~~~^^^^^^
  File "/home/ali/dokeh_env/lib/python3.14/site-packages/buildozer/targets/android.py", line 1015, in cmd_debug
    super().cmd_debug(*args)
    ~~~~~~~~~~~~~~~~~^^^^^^^
  File "/home/ali/dokeh_env/lib/python3.14/site-packages/buildozer/target.py", line 106, in cmd_debug
    self.buildozer.prepare_for_build()
    ~~~~~~~~~~~~~~~~~~~~~~~~~~~~~~~~^^
  File "/home/ali/dokeh_env/lib/python3.14/site-packages/buildozer/__init__.py", line 91, in prepare_for_build
    self.target.install_platform()
    ~~~~~~~~~~~~~~~~~~~~~~~~~~~~^^
  File "/home/ali/dokeh_env/lib/python3.14/site-packages/buildozer/targets/android.py", line 655, in install_platform
    self._install_android_ndk()
    ~~~~~~~~~~~~~~~~~~~~~~~~~^^
  File "/home/ali/dokeh_env/lib/python3.14/site-packages/buildozer/targets/android.py", line 473, in _install_android_ndk
    buildops.download(url,
    ~~~~~~~~~~~~~~~~~^^^^^
                            archive,
                            ^^^^^^^^
                            cwd=self.buildozer.global_platform_dir)
                            ^^^^^^^^^^^^^^^^^^^^^^^^^^^^^^^^^^^^^^^
  File "/home/ali/dokeh_env/lib/python3.14/site-packages/buildozer/buildops.py", line 416, in download
    with urlopen(request) as response:
         ~~~~~~~^^^^^^^^^
  File "/usr/lib/python3.14/urllib/request.py", line 187, in urlopen
    return opener.open(url, data, timeout)
           ~~~~~~~~~~~^^^^^^^^^^^^^^^^^^^^
  File "/usr/lib/python3.14/urllib/request.py", line 493, in open
    response = meth(req, response)
  File "/usr/lib/python3.14/urllib/request.py", line 602, in http_response
    response = self.parent.error(
        'http', request, response, code, msg, hdrs)
  File "/usr/lib/python3.14/urllib/request.py", line 531, in error
    return self._call_chain(*args)
           ~~~~~~~~~~~~~~~~^^^^^^^
  File "/usr/lib/python3.14/urllib/request.py", line 464, in _call_chain
    result = func(*args)
  File "/usr/lib/python3.14/urllib/request.py", line 611, in http_error_default
    raise HTTPError(req.full_url, code, msg, hdrs, fp)
urllib.error.HTTPError: HTTP Error 404: Not Found
